file error-x1-20.c--, line 12, characters 17-36 Error: alignment not a power of 2
