Character 77-89 Error: type mismatch in assignment
