Character 98-107 Error: expression is not of pointer type
