error-x1-27.c--:8.1 Error: not a continuation: true
