file error-x1-31.c--, line 4, characters 17-20 Error: access of non-constant one
