Character 22-32 Error: memory access in const declaration
