Character 28-52 Error: if-expression must be of type bool
