Character 108-126 Error: no initial values allowed for stackdata
