file error-x1-04.c--, line 3, characters 15-25 Error: illegal operands
