error-x1-25.c--:16.1 Error: span value must be a natural word
