file error-x1-35.c--, line 6, characters 5-21 Error: type error in application
