file error-x1-13.c--, line 7, characters 5-22 Error: initial values have types different than declared type
