file error-x1-18.c--, line 12, characters 9-24 Error: expression not of continuation type
