Character 44-45 Error: constant defintion x is circular
