Character 85-104 Error: alignment not a power of 2
