error-x1-32.c--:8.1 Error: illegal numbers in <x/y>
