file error-x1-30.c--, line 5, characters 13-16 Error: access of non-constant one
