file error-x1-06.c--, line 2, characters 15-18 Error: access of non-constant foo
