error-x1-22.c--:21.1 Error: lvalue must be a register
