Character 88-101 Error: type error in application
