file error-x1-08.c--, line 13, characters 9-19 Error: memory reference by non-data pointer
