file error-x1-38.c--, line 8, characters 13-24 Error: goto-expression does not evaluate to a code pointer
