file error-x1-10.c--, line 7, characters 5-15 Error: invalid size
