error-x1-34.c--:8.1 Error: call-expression is not a pointer
