error-x1-24.c--:16.1 Error: span key must be a natural word
