Character 68-88 Error: alignment not a power of 2
