file error-x1-37.c--, line 1, characters 1-17 Error: z can't be exported
