file error-x1-01.c--, line 3, characters 1-19 Error: value already declared: x
