file error-x1-14.c--, line 7, characters 5-33 Error: too many initial values
