error-x1-28.c--:8.1 Error: jump target is not a pointer
