file error-x1-29.c--, line 4, characters 5-26 Error: one is not local
