file error-x1-02.c--, line 3, characters 15-16 Error: unknown value: z
