Character 0-17 Error: declared type does not match actual type
