Character 56-59 Error: not a constant: foo
error-x1-12.c--:13.1 Error: Error found - aborting
