error-x1-21.c--:19.1 Error: lvalue must be a register
