file error-x1-17.c--, line 12, characters 9-26 Error: c is not a label
