error-x1-26.c--:10.1 Error: goto-expression does not evaluate to a pointer
